mr.sheep: successfully loaded './test/wool/00.baa' of 2B

mr.sheep: program exited with code: 0
