mr.sheep: successfully loaded './test/wool/01.baa' of 10B
B
mr.sheep: program exited with code: 0
