mr.sheep: successfully loaded './test/wool/02.baa' of 78B
Hello World

mr.sheep: program exited with code: 0
